// Jest Snapshot v1, https://goo.gl/fbAQLP

exports[`<Bold /> should match snapshot 1`] = `"[1m[91mHello[39m[22m"`;

exports[`<ListSelector /> should match snapshot 1`] = `"[91m‚ùØ [39m"`;
