// Jest Snapshot v1, https://goo.gl/fbAQLP

exports[`<TypeText /> should match snapshot 1`] = `"Hi there!"`;
